------------------------------------------------------------
Timing Analyzer Summary
------------------------------------------------------------

Type  : Setup 'main:b2v_inst14|cur_state.0110_2858'
Slack : -21.797
TNS   : -559.561

Type  : Setup 'main:b2v_inst14|cur_state.0000_3092'
Slack : -20.905
TNS   : -417.402

Type  : Setup 'clock'
Slack : -6.032
TNS   : -127.904

Type  : Setup 'key_row[0]'
Slack : -4.547
TNS   : -14.862

Type  : Hold 'main:b2v_inst14|cur_state.0000_3092'
Slack : -50.452
TNS   : -1509.572

Type  : Hold 'main:b2v_inst14|cur_state.0110_2858'
Slack : -44.758
TNS   : -1440.180

Type  : Hold 'clock'
Slack : -6.756
TNS   : -151.766

Type  : Hold 'key_row[0]'
Slack : 0.946
TNS   : 0.000

Type  : Recovery 'main:b2v_inst14|cur_state.0110_2858'
Slack : -8.489
TNS   : -47.319

Type  : Recovery 'main:b2v_inst14|cur_state.0000_3092'
Slack : -7.690
TNS   : -42.525

Type  : Recovery 'key_row[0]'
Slack : -5.623
TNS   : -66.394

Type  : Removal 'main:b2v_inst14|cur_state.0000_3092'
Slack : -52.998
TNS   : -165.970

Type  : Removal 'main:b2v_inst14|cur_state.0110_2858'
Slack : -46.822
TNS   : -142.742

Type  : Removal 'key_row[0]'
Slack : -5.508
TNS   : -75.102

Type  : Minimum Pulse Width 'clock'
Slack : -2.289
TNS   : -2.289

Type  : Minimum Pulse Width 'key_row[0]'
Slack : -2.289
TNS   : -2.289

Type  : Minimum Pulse Width 'main:b2v_inst14|cur_state.0000_3092'
Slack : -1.544
TNS   : -46.320

Type  : Minimum Pulse Width 'main:b2v_inst14|cur_state.0110_2858'
Slack : -1.447
TNS   : -43.410

------------------------------------------------------------
